// Jest Snapshot v1, https://goo.gl/fbAQLP

exports[`Calculator Component Tree 1`] = `
<section
  className="section-calculator"
>
  <h2
    className="h2"
  >
    Let\`s do some math!
  </h2>
  <div
    className="calc-container"
  >
    <div
      className="display"
    >
      <p
        className="display"
      >
        0
      </p>
    </div>
    <div
      className="symbols-container"
    >
      <button
        className="symbol"
        onClick={[Function]}
        type="button"
      >
        AC
      </button>
      <button
        className="symbol"
        onClick={[Function]}
        type="button"
      >
        +/-
      </button>
      <button
        className="symbol"
        onClick={[Function]}
        type="button"
      >
        %
      </button>
      <button
        className="symbol"
        onClick={[Function]}
        type="button"
      >
        รท
      </button>
      <button
        className="symbol"
        onClick={[Function]}
        type="button"
      >
        7
      </button>
      <button
        className="symbol"
        onClick={[Function]}
        type="button"
      >
        8
      </button>
      <button
        className="symbol"
        onClick={[Function]}
        type="button"
      >
        9
      </button>
      <button
        className="symbol"
        onClick={[Function]}
        type="button"
      >
        x
      </button>
      <button
        className="symbol"
        onClick={[Function]}
        type="button"
      >
        4
      </button>
      <button
        className="symbol"
        onClick={[Function]}
        type="button"
      >
        5
      </button>
      <button
        className="symbol"
        onClick={[Function]}
        type="button"
      >
        6
      </button>
      <button
        className="symbol"
        onClick={[Function]}
        type="button"
      >
        -
      </button>
      <button
        className="symbol"
        onClick={[Function]}
        type="button"
      >
        1
      </button>
      <button
        className="symbol"
        onClick={[Function]}
        type="button"
      >
        2
      </button>
      <button
        className="symbol"
        onClick={[Function]}
        type="button"
      >
        3
      </button>
      <button
        className="symbol"
        onClick={[Function]}
        type="button"
      >
        +
      </button>
      <button
        className="symbol"
        onClick={[Function]}
        type="button"
      >
        0
      </button>
      <button
        className="symbol"
        onClick={[Function]}
        type="button"
      >
        .
      </button>
      <button
        className="symbol"
        onClick={[Function]}
        type="button"
      >
        =
      </button>
    </div>
  </div>
</section>
`;
