// Jest Snapshot v1, https://goo.gl/fbAQLP

exports[`Header Component Tree 1`] = `
<div
  className="container"
>
  <h1
    className="logo"
  >
    Math Magicians
  </h1>
  <nav
    className="nav"
  >
    <ul
      className="ul"
    >
      <li>
        <a
          aria-current="page"
          className="active link"
          href="/"
          onClick={[Function]}
        >
          Home
        </a>
      </li>
      <li
        className="liBorder"
      >
        <a
          className="noActive link"
          href="/calculator"
          onClick={[Function]}
        >
          Calculator
        </a>
      </li>
      <li>
        <a
          className="noActive link"
          href="/quote"
          onClick={[Function]}
        >
          Quote
        </a>
      </li>
    </ul>
  </nav>
</div>
`;
