// Jest Snapshot v1, https://goo.gl/fbAQLP

exports[`Quote Component Tree 1`] = `
<p
  className="quote"
>
  "Mathematics is not about numbers, equations, computations
  <br />
  or algorithms: it is about understanding" - William Paul Thurston
</p>
`;
